// Jest Snapshot v1, https://jestjs.io/docs/snapshot-testing

exports[`VaccinationHistoryDisplayer matches snapshot 1`] = `
<DocumentFragment>
  <div
    class="MuiContainer-root MuiContainer-maxWidthLg css-j81c45-MuiContainer-root"
  >
    <div
      class="MuiBox-root css-p4mlj1"
    >
      <div
        class="MuiAvatar-root MuiAvatar-circular MuiAvatar-colorDefault css-a7fr3i-MuiAvatar-root"
      >
        <svg
          aria-hidden="true"
          class="MuiSvgIcon-root MuiSvgIcon-fontSizeMedium css-1umw9bq-MuiSvgIcon-root"
          data-testid="HistoryIcon"
          focusable="false"
          viewBox="0 0 24 24"
        >
          <path
            d="M13 3c-4.97 0-9 4.03-9 9H1l3.89 3.89.07.14L9 12H6c0-3.87 3.13-7 7-7s7 3.13 7 7-3.13 7-7 7c-1.93 0-3.68-.79-4.94-2.06l-1.42 1.42C8.27 19.99 10.51 21 13 21c4.97 0 9-4.03 9-9s-4.03-9-9-9m-1 5v5l4.28 2.54.72-1.21-3.5-2.08V8z"
          />
        </svg>
      </div>
      <div
        class="MuiBox-root css-0"
      >
        <h4
          class="MuiTypography-root MuiTypography-h4 css-1h0dqxm-MuiTypography-root"
        >
          Vaccination History
        </h4>
        <p
          class="MuiTypography-root MuiTypography-body1 css-k16oju-MuiTypography-root"
        >
          Nguyen An - 5A
        </p>
      </div>
    </div>
    <div
      class="MuiPaper-root MuiPaper-elevation MuiPaper-rounded MuiPaper-elevation1 css-dbr8pm-MuiPaper-root"
      style="--Paper-shadow: 0px 2px 1px -1px rgba(0,0,0,0.2),0px 1px 1px 0px rgba(0,0,0,0.14),0px 1px 3px 0px rgba(0,0,0,0.12);"
    >
      <h6
        class="MuiTypography-root MuiTypography-h6 css-1p0z5hv-MuiTypography-root"
      >
        Student Information
      </h6>
      <div
        class="MuiGrid-root MuiGrid-container MuiGrid-direction-xs-row MuiGrid-spacing-xs-2 css-zjhuaj-MuiGrid-root"
      >
        <div
          class="MuiGrid-root MuiGrid-direction-xs-row MuiGrid-grid-xs-12 MuiGrid-grid-md-3 css-lvb8h-MuiGrid-root"
        >
          <p
            class="MuiTypography-root MuiTypography-body2 css-1wle3ir-MuiTypography-root"
          >
            Student ID
          </p>
          <p
            class="MuiTypography-root MuiTypography-body1 css-lhsbas-MuiTypography-root"
          >
            p1
          </p>
        </div>
        <div
          class="MuiGrid-root MuiGrid-direction-xs-row MuiGrid-grid-xs-12 MuiGrid-grid-md-3 css-lvb8h-MuiGrid-root"
        >
          <p
            class="MuiTypography-root MuiTypography-body2 css-1wle3ir-MuiTypography-root"
          >
            Full Name
          </p>
          <p
            class="MuiTypography-root MuiTypography-body1 css-lhsbas-MuiTypography-root"
          >
            Nguyen An
          </p>
        </div>
        <div
          class="MuiGrid-root MuiGrid-direction-xs-row MuiGrid-grid-xs-12 MuiGrid-grid-md-3 css-lvb8h-MuiGrid-root"
        >
          <p
            class="MuiTypography-root MuiTypography-body2 css-1wle3ir-MuiTypography-root"
          >
            Date of Birth
          </p>
          <p
            class="MuiTypography-root MuiTypography-body1 css-lhsbas-MuiTypography-root"
          >
            2012-01-01
          </p>
        </div>
        <div
          class="MuiGrid-root MuiGrid-direction-xs-row MuiGrid-grid-xs-12 MuiGrid-grid-md-3 css-lvb8h-MuiGrid-root"
        >
          <p
            class="MuiTypography-root MuiTypography-body2 css-1wle3ir-MuiTypography-root"
          >
            Class
          </p>
          <div
            class="MuiChip-root MuiChip-outlined MuiChip-sizeMedium MuiChip-colorPrimary MuiChip-outlinedPrimary css-15m545n-MuiChip-root"
          >
            <span
              class="MuiChip-label MuiChip-labelMedium css-16cgrcw-MuiChip-label"
            >
              5A
            </span>
          </div>
        </div>
      </div>
    </div>
    <div
      class="MuiPaper-root MuiPaper-elevation MuiPaper-rounded MuiPaper-elevation1 css-s66fnd-MuiPaper-root"
      style="--Paper-shadow: 0px 2px 1px -1px rgba(0,0,0,0.2),0px 1px 1px 0px rgba(0,0,0,0.14),0px 1px 3px 0px rgba(0,0,0,0.12);"
    >
      <div
        class="MuiBox-root css-1amc7ct"
      >
        <svg
          aria-hidden="true"
          class="MuiSvgIcon-root MuiSvgIcon-colorPrimary MuiSvgIcon-fontSizeMedium css-1wtp6o0-MuiSvgIcon-root"
          data-testid="FilterListIcon"
          focusable="false"
          viewBox="0 0 24 24"
        >
          <path
            d="M10 18h4v-2h-4zM3 6v2h18V6zm3 7h12v-2H6z"
          />
        </svg>
        <h6
          class="MuiTypography-root MuiTypography-h6 css-h9fkkg-MuiTypography-root"
        >
          Search and Filter
        </h6>
      </div>
      <div
        class="MuiGrid-root MuiGrid-container MuiGrid-direction-xs-row MuiGrid-spacing-xs-2 css-mwb7rv-MuiGrid-root"
      >
        <div
          class="MuiGrid-root MuiGrid-direction-xs-row MuiGrid-grid-xs-12 MuiGrid-grid-md-3 css-lvb8h-MuiGrid-root"
        >
          <div
            class="MuiFormControl-root MuiFormControl-fullWidth MuiTextField-root css-cmpglg-MuiFormControl-root-MuiTextField-root"
          >
            <label
              class="MuiFormLabel-root MuiInputLabel-root MuiInputLabel-formControl MuiInputLabel-animated MuiInputLabel-shrink MuiInputLabel-outlined MuiFormLabel-colorPrimary MuiInputLabel-root MuiInputLabel-formControl MuiInputLabel-animated MuiInputLabel-shrink MuiInputLabel-outlined css-113d811-MuiFormLabel-root-MuiInputLabel-root"
              data-shrink="true"
              for="«r18»"
              id="«r18»-label"
            >
              Search by disease name
            </label>
            <div
              class="MuiInputBase-root MuiOutlinedInput-root MuiInputBase-colorPrimary MuiInputBase-fullWidth MuiInputBase-formControl MuiInputBase-adornedStart css-ot336b-MuiInputBase-root-MuiOutlinedInput-root"
            >
              <svg
                aria-hidden="true"
                class="MuiSvgIcon-root MuiSvgIcon-colorAction MuiSvgIcon-fontSizeMedium css-kvujyo-MuiSvgIcon-root"
                data-testid="SearchIcon"
                focusable="false"
                viewBox="0 0 24 24"
              >
                <path
                  d="M15.5 14h-.79l-.28-.27C15.41 12.59 16 11.11 16 9.5 16 5.91 13.09 3 9.5 3S3 5.91 3 9.5 5.91 16 9.5 16c1.61 0 3.09-.59 4.23-1.57l.27.28v.79l5 4.99L20.49 19zm-6 0C7.01 14 5 11.99 5 9.5S7.01 5 9.5 5 14 7.01 14 9.5 11.99 14 9.5 14"
                />
              </svg>
              <input
                aria-invalid="false"
                class="MuiInputBase-input MuiOutlinedInput-input MuiInputBase-inputAdornedStart css-2u11ia-MuiInputBase-input-MuiOutlinedInput-input"
                id="«r18»"
                type="text"
                value=""
              />
              <fieldset
                aria-hidden="true"
                class="MuiOutlinedInput-notchedOutline css-18p5xg2-MuiNotchedOutlined-root-MuiOutlinedInput-notchedOutline"
              >
                <legend
                  class="css-ex8a5f-MuiNotchedOutlined-root"
                >
                  <span>
                    Search by disease name
                  </span>
                </legend>
              </fieldset>
            </div>
          </div>
        </div>
        <div
          class="MuiGrid-root MuiGrid-direction-xs-row MuiGrid-grid-xs-12 MuiGrid-grid-md-2 css-u22910-MuiGrid-root"
        >
          <div
            class="MuiFormControl-root MuiFormControl-fullWidth MuiTextField-root css-cmpglg-MuiFormControl-root-MuiTextField-root"
          >
            <label
              class="MuiFormLabel-root MuiInputLabel-root MuiInputLabel-formControl MuiInputLabel-animated MuiInputLabel-outlined MuiFormLabel-colorPrimary MuiInputLabel-root MuiInputLabel-formControl MuiInputLabel-animated MuiInputLabel-outlined css-19qnlrw-MuiFormLabel-root-MuiInputLabel-root"
              data-shrink="false"
              for="«r19»"
              id="«r19»-label"
            >
              Year
            </label>
            <div
              class="MuiInputBase-root MuiOutlinedInput-root MuiInputBase-colorPrimary MuiInputBase-fullWidth MuiInputBase-formControl css-1blp12k-MuiInputBase-root-MuiOutlinedInput-root"
            >
              <input
                aria-invalid="false"
                class="MuiInputBase-input MuiOutlinedInput-input css-16wblaj-MuiInputBase-input-MuiOutlinedInput-input"
                id="«r19»"
                placeholder="2025, 2024..."
                type="text"
                value=""
              />
              <fieldset
                aria-hidden="true"
                class="MuiOutlinedInput-notchedOutline css-18p5xg2-MuiNotchedOutlined-root-MuiOutlinedInput-notchedOutline"
              >
                <legend
                  class="css-1n64csd-MuiNotchedOutlined-root"
                >
                  <span>
                    Year
                  </span>
                </legend>
              </fieldset>
            </div>
          </div>
        </div>
        <div
          class="MuiGrid-root MuiGrid-direction-xs-row MuiGrid-grid-xs-12 MuiGrid-grid-md-3 css-lvb8h-MuiGrid-root"
        >
          <div
            class="MuiFormControl-root MuiFormControl-fullWidth css-ytlejw-MuiFormControl-root"
          >
            <label
              class="MuiFormLabel-root MuiInputLabel-root MuiInputLabel-formControl MuiInputLabel-animated MuiInputLabel-shrink MuiInputLabel-outlined MuiFormLabel-colorPrimary MuiFormLabel-filled MuiInputLabel-root MuiInputLabel-formControl MuiInputLabel-animated MuiInputLabel-shrink MuiInputLabel-outlined css-113d811-MuiFormLabel-root-MuiInputLabel-root"
              data-shrink="true"
            >
              Source
            </label>
            <div
              class="MuiInputBase-root MuiOutlinedInput-root MuiInputBase-colorPrimary MuiInputBase-formControl MuiSelect-root css-sc8y68-MuiInputBase-root-MuiOutlinedInput-root-MuiSelect-root"
            >
              <div
                aria-expanded="false"
                aria-haspopup="listbox"
                class="MuiSelect-select MuiSelect-outlined MuiInputBase-input MuiOutlinedInput-input css-18jp67o-MuiNativeSelect-root-MuiSelect-select-MuiInputBase-input-MuiOutlinedInput-input"
                role="combobox"
                tabindex="0"
              >
                All
              </div>
              <input
                aria-hidden="true"
                aria-invalid="false"
                class="MuiSelect-nativeInput css-j0riat-MuiSelect-nativeInput"
                tabindex="-1"
                value="ALL"
              />
              <svg
                aria-hidden="true"
                class="MuiSvgIcon-root MuiSvgIcon-fontSizeMedium MuiSelect-icon MuiSelect-iconOutlined css-1rfqz7c-MuiSvgIcon-root-MuiNativeSelect-root-MuiSelect-icon"
                data-testid="ArrowDropDownIcon"
                focusable="false"
                viewBox="0 0 24 24"
              >
                <path
                  d="M7 10l5 5 5-5z"
                />
              </svg>
              <fieldset
                aria-hidden="true"
                class="MuiOutlinedInput-notchedOutline css-18p5xg2-MuiNotchedOutlined-root-MuiOutlinedInput-notchedOutline"
              >
                <legend
                  class="css-ex8a5f-MuiNotchedOutlined-root"
                >
                  <span>
                    Source
                  </span>
                </legend>
              </fieldset>
            </div>
          </div>
        </div>
        <div
          class="MuiGrid-root MuiGrid-direction-xs-row MuiGrid-grid-xs-12 MuiGrid-grid-md-2 css-u22910-MuiGrid-root"
        >
          <button
            class="MuiButtonBase-root MuiButton-root MuiButton-outlined MuiButton-outlinedPrimary MuiButton-sizeMedium MuiButton-outlinedSizeMedium MuiButton-colorPrimary MuiButton-fullWidth MuiButton-root MuiButton-outlined MuiButton-outlinedPrimary MuiButton-sizeMedium MuiButton-outlinedSizeMedium MuiButton-colorPrimary MuiButton-fullWidth css-nvc6is-MuiButtonBase-root-MuiButton-root"
            tabindex="0"
            type="button"
          >
            Clear Filters
          </button>
        </div>
        <div
          class="MuiGrid-root MuiGrid-direction-xs-row MuiGrid-grid-xs-12 MuiGrid-grid-md-2 css-u22910-MuiGrid-root"
        >
          <p
            class="MuiTypography-root MuiTypography-body2 css-49k58m-MuiTypography-root"
          >
            2 results
          </p>
        </div>
      </div>
    </div>
    <div
      class="MuiBox-root css-i3pbo"
    >
      <h6
        class="MuiTypography-root MuiTypography-subtitle1 css-vc4tfz-MuiTypography-root"
      >
        Quick filter by disease:
      </h6>
      <div
        class="MuiBox-root css-zefc5s"
      >
        <div
          class="MuiButtonBase-root MuiChip-root MuiChip-outlined MuiChip-sizeMedium MuiChip-colorPrimary MuiChip-clickable MuiChip-clickableColorPrimary MuiChip-outlinedPrimary css-s419k8-MuiButtonBase-root-MuiChip-root"
          role="button"
          tabindex="0"
        >
          <span
            class="MuiChip-label MuiChip-labelMedium css-16cgrcw-MuiChip-label"
          >
            Measles
          </span>
        </div>
        <div
          class="MuiButtonBase-root MuiChip-root MuiChip-outlined MuiChip-sizeMedium MuiChip-colorPrimary MuiChip-clickable MuiChip-clickableColorPrimary MuiChip-outlinedPrimary css-s419k8-MuiButtonBase-root-MuiChip-root"
          role="button"
          tabindex="0"
        >
          <span
            class="MuiChip-label MuiChip-labelMedium css-16cgrcw-MuiChip-label"
          >
            Flu
          </span>
        </div>
        <div
          class="MuiButtonBase-root MuiChip-root MuiChip-outlined MuiChip-sizeMedium MuiChip-colorPrimary MuiChip-clickable MuiChip-clickableColorPrimary MuiChip-outlinedPrimary css-s419k8-MuiButtonBase-root-MuiChip-root"
          role="button"
          tabindex="0"
        >
          <span
            class="MuiChip-label MuiChip-labelMedium css-16cgrcw-MuiChip-label"
          >
            Inactive Disease
          </span>
        </div>
      </div>
    </div>
    <div
      class="MuiGrid-root MuiGrid-container MuiGrid-direction-xs-row MuiGrid-spacing-xs-3 css-1u8xl8z-MuiGrid-root"
    >
      <div
        class="MuiGrid-root MuiGrid-direction-xs-row MuiGrid-grid-xs-12 MuiGrid-grid-md-3 MuiGrid-grid-lg-4 css-z8kgif-MuiGrid-root"
      >
        <div
          class="MuiPaper-root MuiPaper-elevation MuiPaper-rounded MuiPaper-elevation1 MuiCard-root css-1wubt8-MuiPaper-root-MuiCard-root"
          style="--Paper-shadow: 0px 2px 1px -1px rgba(0,0,0,0.2),0px 1px 1px 0px rgba(0,0,0,0.14),0px 1px 3px 0px rgba(0,0,0,0.12);"
        >
          <div
            class="MuiCardContent-root css-1lt5qva-MuiCardContent-root"
          >
            <div
              class="MuiBox-root css-1kw3y0a"
            >
              <h6
                class="MuiTypography-root MuiTypography-h6 css-15ov40l-MuiTypography-root"
              >
                Measles
              </h6>
              <div
                class="MuiChip-root MuiChip-filled MuiChip-sizeSmall MuiChip-colorPrimary MuiChip-filledPrimary css-2mz69a-MuiChip-root"
              >
                <span
                  class="MuiChip-label MuiChip-labelSmall css-eccknh-MuiChip-label"
                >
                  Campaign
                </span>
              </div>
            </div>
            <div
              class="MuiBox-root css-1gh5laf"
            >
              <svg
                aria-hidden="true"
                class="MuiSvgIcon-root MuiSvgIcon-colorAction MuiSvgIcon-fontSizeSmall css-97maqu-MuiSvgIcon-root"
                data-testid="PersonIcon"
                focusable="false"
                viewBox="0 0 24 24"
              >
                <path
                  d="M12 12c2.21 0 4-1.79 4-4s-1.79-4-4-4-4 1.79-4 4 1.79 4 4 4m0 2c-2.67 0-8 1.34-8 4v2h16v-2c0-2.66-5.33-4-8-4"
                />
              </svg>
              <p
                class="MuiTypography-root MuiTypography-body2 css-7ctihp-MuiTypography-root"
              >
                <strong>
                  Nguyen An
                </strong>
                 - 5A
              </p>
            </div>
            <div
              class="MuiBox-root css-1gh5laf"
            >
              <svg
                aria-hidden="true"
                class="MuiSvgIcon-root MuiSvgIcon-colorSuccess MuiSvgIcon-fontSizeSmall css-8xa9kc-MuiSvgIcon-root"
                data-testid="VaccinesIcon"
                focusable="false"
                viewBox="0 0 24 24"
              >
                <path
                  d="M11 5.5H8V4h.5c.55 0 1-.45 1-1s-.45-1-1-1h-3c-.55 0-1 .45-1 1s.45 1 1 1H6v1.5H3c-.55 0-1 .45-1 1s.45 1 1 1V15c0 1.1.9 2 2 2h1v4l2 1.5V17h1c1.1 0 2-.9 2-2V7.5c.55 0 1-.45 1-1s-.45-1-1-1M9 9H7.25c-.41 0-.75.34-.75.75s.34.75.75.75H9V12H7.25c-.41 0-.75.34-.75.75s.34.75.75.75H9V15H5V7.5h4zm10.5 1.5V10c.55 0 1-.45 1-1s-.45-1-1-1h-5c-.55 0-1 .45-1 1s.45 1 1 1v.5c0 .5-1.5 1.16-1.5 3V20c0 1.1.9 2 2 2h4c1.1 0 2-.9 2-2v-6.5c0-1.84-1.5-2.5-1.5-3m-3 0V10h1v.5c0 1.6 1.5 2 1.5 3v.5h-4v-.5c0-1 1.5-1.4 1.5-3M15 20v-1.5h4V20z"
                />
              </svg>
              <p
                class="MuiTypography-root MuiTypography-body2 css-1wle3ir-MuiTypography-root"
              >
                Vaccine: 
                <strong>
                  MMR
                </strong>
              </p>
            </div>
            <div
              class="MuiBox-root css-1amc7ct"
            >
              <svg
                aria-hidden="true"
                class="MuiSvgIcon-root MuiSvgIcon-colorPrimary MuiSvgIcon-fontSizeSmall css-os5i4q-MuiSvgIcon-root"
                data-testid="CampaignIcon"
                focusable="false"
                viewBox="0 0 24 24"
              >
                <path
                  d="M18 11v2h4v-2zm-2 6.61c.96.71 2.21 1.65 3.2 2.39.4-.53.8-1.07 1.2-1.6-.99-.74-2.24-1.68-3.2-2.4-.4.54-.8 1.08-1.2 1.61M20.4 5.6c-.4-.53-.8-1.07-1.2-1.6-.99.74-2.24 1.68-3.2 2.4.4.53.8 1.07 1.2 1.6.96-.72 2.21-1.65 3.2-2.4M4 9c-1.1 0-2 .9-2 2v2c0 1.1.9 2 2 2h1v4h2v-4h1l5 3V6L8 9zm11.5 3c0-1.33-.58-2.53-1.5-3.35v6.69c.92-.81 1.5-2.01 1.5-3.34"
                />
              </svg>
              <p
                class="MuiTypography-root MuiTypography-body2 MuiTypography-noWrap css-96s4nc-MuiTypography-root"
              >
                Spring 2025
              </p>
            </div>
            <div
              class="MuiBox-root css-1yqzy6m"
            >
              <svg
                aria-hidden="true"
                class="MuiSvgIcon-root MuiSvgIcon-colorAction MuiSvgIcon-fontSizeSmall css-97maqu-MuiSvgIcon-root"
                data-testid="CalendarTodayIcon"
                focusable="false"
                viewBox="0 0 24 24"
              >
                <path
                  d="M20 3h-1V1h-2v2H7V1H5v2H4c-1.1 0-2 .9-2 2v16c0 1.1.9 2 2 2h16c1.1 0 2-.9 2-2V5c0-1.1-.9-2-2-2m0 18H4V8h16z"
                />
              </svg>
              <p
                class="MuiTypography-root MuiTypography-body2 css-1a40gj6-MuiTypography-root"
              >
                March 1, 2025
              </p>
            </div>
          </div>
        </div>
      </div>
      <div
        class="MuiGrid-root MuiGrid-direction-xs-row MuiGrid-grid-xs-12 MuiGrid-grid-md-3 MuiGrid-grid-lg-4 css-z8kgif-MuiGrid-root"
      >
        <div
          class="MuiPaper-root MuiPaper-elevation MuiPaper-rounded MuiPaper-elevation1 MuiCard-root css-1wubt8-MuiPaper-root-MuiCard-root"
          style="--Paper-shadow: 0px 2px 1px -1px rgba(0,0,0,0.2),0px 1px 1px 0px rgba(0,0,0,0.14),0px 1px 3px 0px rgba(0,0,0,0.12);"
        >
          <div
            class="MuiCardContent-root css-1lt5qva-MuiCardContent-root"
          >
            <div
              class="MuiBox-root css-1kw3y0a"
            >
              <h6
                class="MuiTypography-root MuiTypography-h6 css-15ov40l-MuiTypography-root"
              >
                Flu
              </h6>
              <div
                class="MuiChip-root MuiChip-filled MuiChip-sizeSmall MuiChip-colorSecondary MuiChip-filledSecondary css-3p8epo-MuiChip-root"
              >
                <span
                  class="MuiChip-label MuiChip-labelSmall css-eccknh-MuiChip-label"
                >
                  Parent Declaration
                </span>
              </div>
            </div>
            <div
              class="MuiBox-root css-1gh5laf"
            >
              <svg
                aria-hidden="true"
                class="MuiSvgIcon-root MuiSvgIcon-colorAction MuiSvgIcon-fontSizeSmall css-97maqu-MuiSvgIcon-root"
                data-testid="PersonIcon"
                focusable="false"
                viewBox="0 0 24 24"
              >
                <path
                  d="M12 12c2.21 0 4-1.79 4-4s-1.79-4-4-4-4 1.79-4 4 1.79 4 4 4m0 2c-2.67 0-8 1.34-8 4v2h16v-2c0-2.66-5.33-4-8-4"
                />
              </svg>
              <p
                class="MuiTypography-root MuiTypography-body2 css-7ctihp-MuiTypography-root"
              >
                <strong>
                  Nguyen An
                </strong>
                 - 5A
              </p>
            </div>
            <div
              class="MuiBox-root css-1gh5laf"
            >
              <svg
                aria-hidden="true"
                class="MuiSvgIcon-root MuiSvgIcon-colorSuccess MuiSvgIcon-fontSizeSmall css-8xa9kc-MuiSvgIcon-root"
                data-testid="VaccinesIcon"
                focusable="false"
                viewBox="0 0 24 24"
              >
                <path
                  d="M11 5.5H8V4h.5c.55 0 1-.45 1-1s-.45-1-1-1h-3c-.55 0-1 .45-1 1s.45 1 1 1H6v1.5H3c-.55 0-1 .45-1 1s.45 1 1 1V15c0 1.1.9 2 2 2h1v4l2 1.5V17h1c1.1 0 2-.9 2-2V7.5c.55 0 1-.45 1-1s-.45-1-1-1M9 9H7.25c-.41 0-.75.34-.75.75s.34.75.75.75H9V12H7.25c-.41 0-.75.34-.75.75s.34.75.75.75H9V15H5V7.5h4zm10.5 1.5V10c.55 0 1-.45 1-1s-.45-1-1-1h-5c-.55 0-1 .45-1 1s.45 1 1 1v.5c0 .5-1.5 1.16-1.5 3V20c0 1.1.9 2 2 2h4c1.1 0 2-.9 2-2v-6.5c0-1.84-1.5-2.5-1.5-3m-3 0V10h1v.5c0 1.6 1.5 2 1.5 3v.5h-4v-.5c0-1 1.5-1.4 1.5-3M15 20v-1.5h4V20z"
                />
              </svg>
              <p
                class="MuiTypography-root MuiTypography-body2 css-1wle3ir-MuiTypography-root"
              >
                Vaccine: 
                <strong>
                  FluVax
                </strong>
              </p>
            </div>
            <div
              class="MuiBox-root css-1amc7ct"
            >
              <svg
                aria-hidden="true"
                class="MuiSvgIcon-root MuiSvgIcon-colorPrimary MuiSvgIcon-fontSizeSmall css-os5i4q-MuiSvgIcon-root"
                data-testid="CampaignIcon"
                focusable="false"
                viewBox="0 0 24 24"
              >
                <path
                  d="M18 11v2h4v-2zm-2 6.61c.96.71 2.21 1.65 3.2 2.39.4-.53.8-1.07 1.2-1.6-.99-.74-2.24-1.68-3.2-2.4-.4.54-.8 1.08-1.2 1.61M20.4 5.6c-.4-.53-.8-1.07-1.2-1.6-.99.74-2.24 1.68-3.2 2.4.4.53.8 1.07 1.2 1.6.96-.72 2.21-1.65 3.2-2.4M4 9c-1.1 0-2 .9-2 2v2c0 1.1.9 2 2 2h1v4h2v-4h1l5 3V6L8 9zm11.5 3c0-1.33-.58-2.53-1.5-3.35v6.69c.92-.81 1.5-2.01 1.5-3.34"
                />
              </svg>
              <p
                class="MuiTypography-root MuiTypography-body2 MuiTypography-noWrap css-96s4nc-MuiTypography-root"
              >
                Winter 2024
              </p>
            </div>
            <div
              class="MuiBox-root css-1yqzy6m"
            >
              <svg
                aria-hidden="true"
                class="MuiSvgIcon-root MuiSvgIcon-colorAction MuiSvgIcon-fontSizeSmall css-97maqu-MuiSvgIcon-root"
                data-testid="CalendarTodayIcon"
                focusable="false"
                viewBox="0 0 24 24"
              >
                <path
                  d="M20 3h-1V1h-2v2H7V1H5v2H4c-1.1 0-2 .9-2 2v16c0 1.1.9 2 2 2h16c1.1 0 2-.9 2-2V5c0-1.1-.9-2-2-2m0 18H4V8h16z"
                />
              </svg>
              <p
                class="MuiTypography-root MuiTypography-body2 css-1a40gj6-MuiTypography-root"
              >
                December 15, 2024
              </p>
            </div>
          </div>
        </div>
      </div>
    </div>
  </div>
</DocumentFragment>
`;
